Microchip MPLAB XC8 Compiler V1.30 ()

Linker command line:

--edf=D:\Program Files (x86)\Microchip\xc8\v1.30\dat\en_msgs.txt -cs \
  -h+ZH-SL-F60.sym --cmf=ZH-SL-F60.cmf -z -Q16F1938 \
  -oC:\Users\HP\AppData\Local\Temp\sfb0.6 -MZH-SL-F60.map -E1 -ver=XC8 \
  -ASTACK=022D0h-0236fh -pstack=STACK -ACONST=00h-0FFhx64 \
  -ACODE=00h-07FFhx8 -ASTRCODE=00h-03FFFh -AENTRY=00h-0FFhx64 \
  -ASTRING=00h-0FFhx64 -ACOMMON=070h-07Fh -ABANK0=020h-06Fh \
  -ABANK1=0A0h-0EFh -ABANK2=0120h-016Fh -ABANK3=01A0h-01EFh \
  -ABANK4=0220h-026Fh -ABANK5=02A0h-02EFh -ABANK6=0320h-036Fh \
  -ABANK7=03A0h-03EFh -ABANK8=0420h-046Fh -ABANK9=04A0h-04EFh \
  -ABANK10=0520h-056Fh -ABANK11=05A0h-05EFh -ABANK12=0620h-064Fh \
  -ABIGRAM=02000h-023EFh \
  -ARAM=020h-06Fh,0A0h-0EFh,0120h-016Fh,01A0h-01EFh,0220h-026Fh,02A0h-02EFh,0320h-036Fh,03A0h-03EFh,0420h-046Fh,04A0h-04EFh,0520h-056Fh,05A0h-05EFh,0620h-064Fh \
  -AABS1=020h-07Fh,0A0h-0EFh,0120h-016Fh,01A0h-01EFh,0220h-026Fh,02A0h-02EFh,0320h-036Fh,03A0h-03EFh,0420h-046Fh,04A0h-04EFh,0520h-056Fh,05A0h-05EFh,0620h-064Fh \
  -ASFR0=00h-01Fh -ASFR1=080h-09Fh -ASFR2=0100h-011Fh -ASFR3=0180h-019Fh \
  -ASFR4=0200h-021Fh -ASFR5=0280h-029Fh -ASFR6=0300h-031Fh \
  -ASFR7=0380h-039Fh -ASFR8=0400h-041Fh -ASFR9=0480h-049Fh \
  -ASFR10=0500h-051Fh -ASFR11=0580h-059Fh -ASFR12=0600h-061Fh \
  -ASFR13=0680h-06EFh -ASFR14=0700h-076Fh -ASFR15=0780h-07EFh \
  -ASFR16=0800h-086Fh -ASFR17=0880h-08EFh -ASFR18=0900h-096Fh \
  -ASFR19=0980h-09EFh -ASFR20=0A00h-0A6Fh -ASFR21=0A80h-0AEFh \
  -ASFR22=0B00h-0B6Fh -ASFR23=0B80h-0BEFh -ASFR24=0C00h-0C6Fh \
  -ASFR25=0C80h-0CEFh -ASFR26=0D00h-0D6Fh -ASFR27=0D80h-0DEFh \
  -ASFR28=0E00h-0E6Fh -ASFR29=0E80h-0EEFh -ASFR30=0F00h-0F6Fh \
  -ASFR31=0F80h-0FEFh -preset_vec=00h,intentry=04h,init,end_init \
  -ppowerup=CODE -pcinit=CODE -pfunctab=CODE -ACONFIG=08007h-08008h \
  -pconfig=CONFIG -DCONFIG=2 -AIDLOC=08000h-08003h -pidloc=IDLOC -DIDLOC=2 \
  -AEEDATA=00h-0FFh/0F000h -peeprom_data=EEDATA -DEEDATA=2 -DCODE=2 \
  -DSTRCODE=2 -DSTRING=2 -DCONST=2 -DENTRY=2 -k startup.obj ZH-SL-F60.obj 

Object code version is 3.11

Machine type is 16F1938



                Name                               Link     Load   Length Selector   Space Scale
startup.obj     end_init                            27B      27B        2        8       0
                reset_vec                             0        0        2        0       0
                config                             8007     8007        2    1000E       0
ZH-SL-F60.obj   cinit                               996      996      66A     132C       0
                intentry                              4        4      277        8       0
                eeprom_data                           0     F000       40    1E000       3
                text10_split_3                     1110     1110      6F0     2220       0
                text10_split_2                     3377     3377      22E     66EE       0
                text5_split_1                       27D      27D      581        8       0
                text50                              884      884        5     1108       0
                text22                              880      880        4     1100       0
                text15                             19D0     19D0      630     33A0       0
                text14                              957      957       3F     12AE       0
                text13                              8BC      8BC       15     1178       0
                text11                             35A5     35A5      25B     6B4A       0
                text10                             2C6B     2C6B      395     58D6       0
                text7                               92C      92C       2B     1258       0
                text5                              2914     2914      357     5228       0
                text2                              21D7     21D7      629     43AE       0
                cstackBANK0                          20       20       4A       20       1
                cstackCOMMON                         70       70        C       70       1
                cstackBANK1                          C0       C0       1E       A0       1
                cstackBANK5                         2EC      2EC        4      2A0       1
                inittext                            889      889        C     1112       0
                clrtext                             895      895        C     112A       0
                bssBANK8                            420      420       50      420       1
                bssBANK7                            3A0      3A0       50      3A0       1
                bssBANK6                            320      320       1C      320       1
                dataBANK5                           2C8      2C8       24      2A0       1
                bssBANK5                            2A0      2A0       28      2A0       1
                dataBANK4                           258      258       18      220       1
                bssBANK4                            220      220       38      220       1
                dataBANK3                           1E3      1E3        C      1A0       1
                bssBANK3                            1A0      1A0       43      1A0       1
                dataBANK2                           151      151       1F      120       1
                bssBANK2                            120      120       31      120       1
                dataBANK1                            DE       DE        F       A0       1
                bssBANK1                             A0       A0       20       A0       1
                bssBANK0                             6A       6A        3       20       1
                bssCOMMON                            7C       7C        2       70       1
                stringtext                         3800     3800      201       70       0
                idataBANK5                          908      908       24     1210       0
                idataBANK4                          8D1      8D1       18     11A2       0
                idataBANK3                          8A1      8A1        C     1142       0
                idataBANK2                          8E9      8E9       1F     11D2       0
                idataBANK1                          8AD      8AD        F     115A       0

TOTAL           Name                               Link     Load   Length     Space
        CLASS   STACK          

        CLASS   CONST          

        CLASS   CODE           
                end_init                            27B      27B        2         0
                cinit                               996      996      66A         0
                intentry                              4        4      277         0
                reset_vec                             0        0        2         0
                text10_split_3                     1110     1110      6F0         0
                text10_split_2                     3377     3377      22E         0
                text5_split_1                       27D      27D      581         0
                text50                              884      884        5         0
                text22                              880      880        4         0
                text15                             19D0     19D0      630         0
                text14                              957      957       3F         0
                text13                              8BC      8BC       15         0
                text11                             35A5     35A5      25B         0
                text10                             2C6B     2C6B      395         0
                text7                               92C      92C       2B         0
                text5                              2914     2914      357         0
                text2                              21D7     21D7      629         0
                inittext                            889      889        C         0
                clrtext                             895      895        C         0
                idataBANK5                          908      908       24         0
                idataBANK4                          8D1      8D1       18         0
                idataBANK3                          8A1      8A1        C         0
                idataBANK2                          8E9      8E9       1F         0
                idataBANK1                          8AD      8AD        F         0

        CLASS   STRCODE        
                stringtext                         3800     3800      201         0

        CLASS   ENTRY          

        CLASS   STRING         

        CLASS   COMMON         
                cstackCOMMON                         70       70        C         1
                bssCOMMON                            7C       7C        2         1

        CLASS   BANK0          
                cstackBANK0                          20       20       4A         1
                bssBANK0                             6A       6A        3         1

        CLASS   BANK1          
                cstackBANK1                          C0       C0       1E         1
                dataBANK1                            DE       DE        F         1
                bssBANK1                             A0       A0       20         1

        CLASS   BANK2          
                dataBANK2                           151      151       1F         1
                bssBANK2                            120      120       31         1

        CLASS   BANK3          
                dataBANK3                           1E3      1E3        C         1
                bssBANK3                            1A0      1A0       43         1

        CLASS   BANK4          
                dataBANK4                           258      258       18         1
                bssBANK4                            220      220       38         1

        CLASS   BANK5          
                cstackBANK5                         2EC      2EC        4         1
                dataBANK5                           2C8      2C8       24         1
                bssBANK5                            2A0      2A0       28         1

        CLASS   BANK6          
                bssBANK6                            320      320       1C         1

        CLASS   BANK7          
                bssBANK7                            3A0      3A0       50         1

        CLASS   BANK8          
                bssBANK8                            420      420       50         1

        CLASS   BANK9          

        CLASS   BANK10         

        CLASS   BANK11         

        CLASS   BANK12         

        CLASS   BIGRAM         

        CLASS   RAM            

        CLASS   ABS1           
                abs_s1                               7E       7E        2         1
                abs_s1                              5A0      5A0       50         1
                abs_s1                              620      620       30         1
                abs_s1                             2370     2370        0         1

        CLASS   SFR0           

        CLASS   SFR1           

        CLASS   SFR2           

        CLASS   SFR3           

        CLASS   SFR4           

        CLASS   SFR5           

        CLASS   SFR6           

        CLASS   SFR7           

        CLASS   SFR8           

        CLASS   SFR9           

        CLASS   SFR10          

        CLASS   SFR11          

        CLASS   SFR12          

        CLASS   SFR13          

        CLASS   SFR14          

        CLASS   SFR15          

        CLASS   SFR16          

        CLASS   SFR17          

        CLASS   SFR18          

        CLASS   SFR19          

        CLASS   SFR20          

        CLASS   SFR21          

        CLASS   SFR22          

        CLASS   SFR23          

        CLASS   SFR24          

        CLASS   SFR25          

        CLASS   SFR26          

        CLASS   SFR27          

        CLASS   SFR28          

        CLASS   SFR29          

        CLASS   SFR30          

        CLASS   SFR31          

        CLASS   CONFIG         
                config                             8007     8007        2         0

        CLASS   IDLOC          

        CLASS   EEDATA         
                eeprom_data                           0     F000       40         3

        CLASS   BANK31         

        CLASS   BANK30         

        CLASS   BANK29         

        CLASS   BANK28         

        CLASS   BANK27         

        CLASS   BANK26         

        CLASS   BANK25         

        CLASS   BANK24         

        CLASS   BANK23         

        CLASS   BANK22         

        CLASS   BANK21         

        CLASS   BANK20         

        CLASS   BANK19         

        CLASS   BANK18         

        CLASS   BANK17         

        CLASS   BANK16         

        CLASS   BANK15         

        CLASS   BANK14         

        CLASS   BANK13         



SEGMENTS        Name                           Load    Length   Top    Selector   Space  Class     Delta

                reset_vec                      000000  000002  000002         0       0  CODE        2
                intentry                       000004  0007FA  0007FE         8       0  CODE        2
                cstackBANK0                    000020  00004D  00006D        20       1  BANK0       1
                cstackCOMMON                   000070  00000E  00007E        70       1  COMMON      1
                bssBANK1                       0000A0  00004D  0000ED        A0       1  BANK1       1
                bssBANK2                       000120  000050  000170       120       1  BANK2       1
                bssBANK3                       0001A0  00004F  0001EF       1A0       1  BANK3       1
                bssBANK4                       000220  000050  000270       220       1  BANK4       1
                bssBANK5                       0002A0  000050  0002F0       2A0       1  BANK5       1
                bssBANK6                       000320  00001C  00033C       320       1  BANK6       1
                bssBANK7                       0003A0  000050  0003F0       3A0       1  BANK7       1
                bssBANK8                       000420  000050  000470       420       1  BANK8       1
                text22                         000880  000004  000884      1100       0  CODE        2
                text50                         000884  000005  000889      1108       0  CODE        2
                inittext                       000889  00000C  000895      1112       0  CODE        2
                clrtext                        000895  00000C  0008A1      112A       0  CODE        2
                idataBANK3                     0008A1  00000C  0008AD      1142       0  CODE        2
                idataBANK1                     0008AD  00000F  0008BC      115A       0  CODE        2
                text13                         0008BC  000015  0008D1      1178       0  CODE        2
                idataBANK4                     0008D1  000018  0008E9      11A2       0  CODE        2
                idataBANK2                     0008E9  00001F  000908      11D2       0  CODE        2
                idataBANK5                     000908  000024  00092C      1210       0  CODE        2
                text7                          00092C  00002B  000957      1258       0  CODE        2
                text14                         000957  00003F  000996      12AE       0  CODE        2
                cinit                          000996  00066A  001000      132C       0  CODE        2
                text10_split_3                 001110  0006F0  001800      2220       0  CODE        2
                text15                         0019D0  000630  002000      33A0       0  CODE        2
                text2                          0021D7  000629  002800      43AE       0  CODE        2
                text5                          002914  000357  002C6B      5228       0  CODE        2
                text10                         002C6B  000395  003000      58D6       0  CODE        2
                text10_split_2                 003377  00022E  0035A5      66EE       0  CODE        2
                text11                         0035A5  00025B  003800      6B4A       0  CODE        2
                stringtext                     003800  000201  003A01        70       0  STRCODE     2
                config                         008007  000002  008009     1000E       0  CONFIG      2
                eeprom_data                    00F000  000040  00F040     1E000       3  EEDATA      2


UNUSED ADDRESS RANGES

        Name                Unused          Largest block    Delta
        BANK0            00006D-00006F                3           1
        BANK1            0000ED-0000EF                3           1
        BANK10           000520-00056F               50           1
        BANK3            0001EF-0001EF                1           1
        BANK6            00033C-00036F               34           1
        BANK9            0004A0-0004EF               50           1
        BIGRAM           002000-0023EF              3F0           1
        CODE             000002-000003                2           2
                         0007FE-00087F                2
                         001000-00110F              110
                         001800-0019CF              1D0
                         002000-0021D6              1D7
                         002800-002913              114
                         003000-003376              377
                         003A01-003FFF              5FF
        CONST            000002-000003                2           2
                         0007FE-00087F                2
                         001000-00110F              100
                         001800-0019CF              100
                         002000-0021D6              100
                         002800-002913              100
                         003000-003376              100
                         003A01-003FFF              100
        EEDATA           00F040-00F0FF               C0           2
        ENTRY            000002-000003                2           2
                         0007FE-00087F                2
                         001000-00110F              100
                         001800-0019CF              100
                         002000-0021D6              100
                         002800-002913              100
                         003000-003376              100
                         003A01-003FFF              100
        IDLOC            008000-008003                4           2
        RAM              00006D-00006F                3           1
                         0000ED-0000EF                3
                         0001EF-0001EF                1
                         00033C-00036F               34
                         0004A0-0004EF               50
                         000520-00056F               50
        SFR0             000000-00001F               20           1
        SFR1             000080-00009F               20           1
        SFR10            000500-00051F               20           1
        SFR11            000580-00059F               20           1
        SFR12            000600-00061F               20           1
        SFR13            000680-0006EF               70           1
        SFR14            000700-00076F               70           1
        SFR15            000780-0007EF               70           1
        SFR16            000800-00086F               70           1
        SFR17            000880-0008EF               70           1
        SFR18            000900-00096F               70           1
        SFR19            000980-0009EF               70           1
        SFR2             000100-00011F               20           1
        SFR20            000A00-000A6F               70           1
        SFR21            000A80-000AEF               70           1
        SFR22            000B00-000B6F               70           1
        SFR23            000B80-000BEF               70           1
        SFR24            000C00-000C6F               70           1
        SFR25            000C80-000CEF               70           1
        SFR26            000D00-000D6F               70           1
        SFR27            000D80-000DEF               70           1
        SFR28            000E00-000E6F               70           1
        SFR29            000E80-000EEF               70           1
        SFR3             000180-00019F               20           1
        SFR30            000F00-000F6F               70           1
        SFR31            000F80-000FEF               70           1
        SFR4             000200-00021F               20           1
        SFR5             000280-00029F               20           1
        SFR6             000300-00031F               20           1
        SFR7             000380-00039F               20           1
        SFR8             000400-00041F               20           1
        SFR9             000480-00049F               20           1
        STACK            0022D0-00236F               A0           1
        STRCODE          000002-000003                2           2
                         0007FE-00087F               82
                         001000-00110F              110
                         001800-0019CF              1D0
                         002000-0021D6              1D7
                         002800-002913              114
                         003000-003376              377
                         003A01-003FFF              5FF
        STRING           000002-000003                2           2
                         0007FE-00087F                2
                         001000-00110F              100
                         001800-0019CF              100
                         002000-0021D6              100
                         002800-002913              100
                         003000-003376              100
                         003A01-003FFF              100

                                  Symbol Table

?___awtofl                    cstackBANK0  00002D
?___fladd                     cstackBANK0  000047
?___fldiv                     cstackBANK0  000047
?___flmul                     cstackBANK0  000034
?___flpack                    cstackBANK0  000023
?___flsub                     cstackBANK0  000056
?___fltol                     cstackBANK0  00005A
?___lbtofl                    cstackBANK0  00002D
?___lldiv                     cstackBANK0  000023
?___lmul                      cstackBANK0  000023
?___lwdiv                     cstackBANK0  000029
?___lwtofl                    cstackBANK0  000030
?___wmul                      cstackBANK0  000023
?_crc16                       cstackBANK0  000023
?_pid_calc                    cstackBANK0  000066
?_start_ad_convert            cstackBANK0  000030
Key_Menu@code                 cstackBANK1  0000C2
Key_Menu@key_value            cstackBANK0  000066
PL10                          text15       001F0F
PL100                         text10_split_2 0034AD
PL102                         text2        0027B4
PL104                         text10_split_2 0034BB
PL106                         text10_split_2 0034C3
PL108                         text5_split_1 00070C
PL110                         text5_split_1 00071D
PL112                         text10_split_2 0034CB
PL114                         text5_split_1 00072E
PL116                         text5_split_1 00073F
PL118                         text5_split_1 000750
PL12                          text5_split_1 0006A4
PL120                         text5_split_1 000761
PL122                         text5_split_1 000772
PL124                         text10_split_2 0034DC
PL126                         text10_split_2 0034ED
PL128                         text10_split_2 0034FE
PL130                         text10_split_2 00350E
PL132                         text15       001F6B
PL134                         text5_split_1 000783
PL136                         text5_split_1 000789
PL138                         text15       001F7B
PL14                          cinit        000F57
PL140                         text5_split_1 00078F
PL142                         text5_split_1 000795
PL144                         text5_split_1 00079B
PL146                         text5_split_1 0007A1
PL148                         text5_split_1 0007A7
PL150                         text15       001F83
PL152                         text5_split_1 0007AD
PL154                         text5_split_1 0007B4
PL156                         text15       001F8B
PL158                         text10_split_2 00351E
PL16                          text10_split_2 003393
PL160                         text11       0037F3
PL162                         text15       001F94
PL164                         cinit        000F9B
PL166                         text5_split_1 0007C1
PL168                         text5_split_1 0007CD
PL170                         text15       001F9B
PL172                         text10_split_2 003527
PL174                         text15       001FA3
PL176                         text5_split_1 0007D5
PL178                         cinit        000FA1
PL18                          text10_split_2 00339C
PL180                         text10_split_2 003532
PL182                         text15       001FAD
PL184                         text15       001FB6
PL186                         text5_split_1 0007DE
PL188                         text15       001FBF
PL190                         text15       001FC8
PL192                         text10_split_2 003539
PL194                         text15       001FCE
PL196                         text15       001FD7
PL198                         text10_split_2 003542
PL2                           cinit        000F17
PL20                          text10_split_2 0033AC
PL200                         text10_split_2 00354B
PL202                         text10_split_2 003554
PL204                         cinit        000FA7
PL206                         text10_split_2 00355D
PL208                         text5_split_1 0007E7
PL210                         text10_split_2 003565
PL212                         cinit        000FAD
PL214                         text15       001FDD
PL216                         text5_split_1 0007EF
PL218                         text10_split_2 00356C
PL22                          text11       0037BA
PL220                         cinit        000FB5
PL222                         text15       001FE3
PL224                         text5_split_1 0007F5
PL226                         text15       001FE9
PL228                         text15       001FF0
PL230                         text10_split_2 003572
PL232                         text10_split_2 003579
PL234                         text10_split_2 00357F
PL236                         text15       001FF5
PL238                         text10_split_2 003586
PL24                          text2        002797
PL240                         text10_split_2 00358B
PL242                         cinit        000FBB
PL244                         text2        0027BA
PL246                         cinit        000FBF
PL248                         text10_split_2 003591
PL250                         cinit        000FC5
PL252                         cinit        000FFC
PL254                         cinit        000FCB
PL256                         text10_split_2 003596
PL258                         cinit        000FD0
PL26                          text5_split_1 0006BB
PL260                         text10_split_2 00359B
PL262                         text2        0027C0
PL264                         text10_split_2 0035A0
PL266                         text15       001FFB
PL268                         cinit        000FD5
PL28                          text5_split_1 0006C4
PL30                          text5_split_1 0006CD
PL32                          text10_split_2 0033B5
PL34                          text11       0037C4
PL36                          text11       0037C8
PL38                          text15       001F1F
PL4                           text10_split_2 003377
PL40                          text15       001F30
PL42                          text2        00279F
PL44                          text15       001F41
PL46                          text15       001F46
PL48                          text10_split_2 0033BF
PL50                          text5_split_1 0006D6
PL52                          text10_split_2 0033C9
PL54                          text5_split_1 0006DF
PL56                          text10_split_2 0033E8
PL58                          text10_split_2 0033EF
PL6                           text15       001EFC
PL60                          text15       001F55
PL62                          text10_split_2 003400
PL64                          cinit        000F6B
PL66                          cinit        000F7B
PL68                          cinit        000F8B
PL70                          text10_split_2 003408
PL72                          text10_split_2 003417
PL74                          text10_split_2 003430
PL76                          text10_split_2 003448
PL78                          text5_split_1 0006EA
PL8                           text11       003742
PL80                          text15       001F66
PL82                          text10_split_2 003460
PL84                          text5_split_1 0006F9
PL86                          text5_split_1 000702
PL88                          text10_split_2 003469
PL90                          text10_split_2 00346E
PL92                          text10_split_2 00347D
PL94                          text10_split_2 003483
PL96                          text10_split_2 003491
PL98                          text10_split_2 00349F
Set_Bost_Pwm_Duty@dduty       cstackBANK0  000023
Set_Buck_Pwm_Duty@duty        cstackBANK0  000023
_ADCON0bits                   (abs)        00009D
_ADCON1bits                   (abs)        00009E
_ADRESH                       (abs)        00009C
_ADRESL                       (abs)        00009B
_ANSA0                        (abs)        000C60
_ANSA1                        (abs)        000C61
_ANSA2                        (abs)        000C62
_ANSA3                        (abs)        000C63
_ANSA5                        (abs)        000C65
_ANSB0                        (abs)        000C68
_ANSB1                        (abs)        000C69
_ANSB3                        (abs)        000C6B
_ANSELA                       (abs)        00018C
_ANSELB                       (abs)        00018D
_APFCONbits                   (abs)        00011D
_Adjust_Pout_Flag             bssBANK1     0000B2
_BAUDCON                      (abs)        00019F
_C1IE                         (abs)        000495
_C1IF                         (abs)        000095
_CARRY                        (abs)        000018
_CCP1CONbits                  (abs)        000293
_CCP3CONbits                  (abs)        000313
_CCP5CONbits                  (abs)        00031E
_CCPR1L                       (abs)        000291
_CCPR3L                       (abs)        000311
_CCPR5L                       (abs)        00031C
_CCPTMRS0bits                 (abs)        00029E
_CCPTMRS1bits                 (abs)        00029F
_CM1CON0bits                  (abs)        000111
_CM1CON1bits                  (abs)        000112
_CRCHi                        stringtext   003801
_CRCLo                        stringtext   003901
_Disable_Bost_Pwm             cinit        000BB5
_Disable_Buck_Pwm             text2        00276F
_EEADR                        (abs)        000191
_EECON1                       (abs)        000195
_EECON2                       (abs)        000196
_EEDATA                       (abs)        000193
_Enable_Bost_Pwm              text2        002792
_Enable_Buck_Pwm              text22       000880
_FVRCONbits                   (abs)        000117
_GIE                          (abs)        00005F
_IOCBF4                       (abs)        001CB4
_IOCBF7                       (abs)        001CB7
_IOCBFbits                    (abs)        000396
_IOCBNbits                    (abs)        000395
_IOCIE                        (abs)        00005B
_IOCIF                        (abs)        000058
_I_prev                       bssBANK3     0001A4
_Init_Ird                     cinit        000C3B
_Key_Menu                     cinit        000AA4
_LATCbits                     (abs)        00010E
_Load_Pmax                    dataBANK5    0002C8
_Mppt_Charge                  text15       0019D0
_OPTION_REGbits               (abs)        000095
_OSCCON                       (abs)        000099
_PEIE                         (abs)        00005E
_PID_CC_charge                bssBANK6     000320
_PID_CC_discharge             bssBANK3     0001C7
_PID_CV_charge                bssBANK5     0002AC
_PIE1bits                     (abs)        000091
_PIE2bits                     (abs)        000092
_PIR1bits                     (abs)        000011
_PIR2bits                     (abs)        000012
_PR2                          (abs)        00001B
_PR4                          (abs)        000416
_PR6                          (abs)        00041D
_PSA                          (abs)        0004AB
_PWM                          bssBANK1     0000A0
_PWM_I                        bssBANK5     0002A0
_RC1                          (abs)        000071
_RCIE                         (abs)        00048D
_RCIF                         (abs)        00008D
_RCREG                        (abs)        000199
_RCSTA                        (abs)        00019D
_RCSTAbits                    (abs)        00019D
_RD                           (abs)        000CA8
_SP1BRGH                      (abs)        00019C
_SP1BRGL                      (abs)        00019B
_Set_Bost_Pwm_Duty            cinit        000B67
_Set_Buck_Pwm_Duty            cinit        000BBA
_T1CON                        (abs)        000018
_T1GCONbits                   (abs)        000019
_T2CONbits                    (abs)        00001C
_T4CONbits                    (abs)        000417
_T6CONbits                    (abs)        00041E
_TMR0                         (abs)        000015
_TMR0CS                       (abs)        0004AD
_TMR0IE                       (abs)        00005D
_TMR0IF                       (abs)        00005A
_TMR1H                        (abs)        000017
_TMR1IE                       (abs)        000488
_TMR1IF                       (abs)        000088
_TMR1L                        (abs)        000016
_TMR1ON                       (abs)        0000C0
_TMR2IF                       (abs)        000089
_TMR2ON                       (abs)        0000E2
_TMR4IF                       (abs)        000099
_TMR4ON                       (abs)        0020BA
_TMR6IF                       (abs)        00009B
_TMR6ON                       (abs)        0020F2
_TRISAbits                    (abs)        00008C
_TRISBbits                    (abs)        00008D
_TRISCbits                    (abs)        00008E
_TXIE                         (abs)        00048C
_TXIF                         (abs)        00008C
_TXREG                        (abs)        00019A
_TXSTA                        (abs)        00019E
_TXSTAbits                    (abs)        00019E
_WDTCONbits                   (abs)        000097
_WR                           (abs)        000CA9
_WREN                         (abs)        000CAA
__Babs1                       abs1         01E080
__Bbank0                      bank0        01E080
__Bbank1                      bank1        01E080
__Bbank10                     bank10       01E080
__Bbank11                     bank11       01E080
__Bbank12                     bank12       01E080
__Bbank13                     bank13       01E080
__Bbank14                     bank14       01E080
__Bbank15                     bank15       01E080
__Bbank16                     bank16       01E080
__Bbank17                     bank17       01E080
__Bbank18                     bank18       01E080
__Bbank19                     bank19       01E080
__Bbank2                      bank2        01E080
__Bbank20                     bank20       01E080
__Bbank21                     bank21       01E080
__Bbank22                     bank22       01E080
__Bbank23                     bank23       01E080
__Bbank24                     bank24       01E080
__Bbank25                     bank25       01E080
__Bbank26                     bank26       01E080
__Bbank27                     bank27       01E080
__Bbank28                     bank28       01E080
__Bbank29                     bank29       01E080
__Bbank3                      bank3        01E080
__Bbank30                     bank30       01E080
__Bbank31                     bank31       01E080
__Bbank4                      bank4        01E080
__Bbank5                      bank5        01E080
__Bbank6                      bank6        01E080
__Bbank7                      bank7        01E080
__Bbank8                      bank8        01E080
__Bbank9                      bank9        01E080
__Bbigram                     bigram       01E080
__BbssBANK0                   bssBANK0     01E080
__BbssBANK1                   bssBANK1     01E080
__BbssBANK2                   bssBANK2     01E080
__BbssBANK3                   bssBANK3     01E080
__BbssBANK4                   bssBANK4     01E080
__BbssBANK5                   bssBANK5     01E080
__BbssBANK6                   bssBANK6     01E080
__BbssBANK7                   bssBANK7     01E080
__BbssBANK8                   bssBANK8     01E080
__BbssCOMMON                  bssCOMMON    01E080
__Bclrtext                    clrtext      01E080
__Bcode                       code         01E080
__Bcommon                     common       01E080
__BcstackBANK0                cstackBANK0  01E080
__BcstackBANK1                cstackBANK1  01E080
__BcstackBANK5                cstackBANK5  01E080
__BcstackCOMMON               cstackCOMMON 01E080
__BdataBANK1                  dataBANK1    01E080
__BdataBANK2                  dataBANK2    01E080
__BdataBANK3                  dataBANK3    01E080
__BdataBANK4                  dataBANK4    01E080
__BdataBANK5                  dataBANK5    01E080
__Beeprom_data                eeprom_data  00F000
__BidataBANK1                 idataBANK1   01E080
__BidataBANK2                 idataBANK2   01E080
__BidataBANK3                 idataBANK3   01E080
__BidataBANK4                 idataBANK4   01E080
__BidataBANK5                 idataBANK5   01E080
__Binittext                   inittext     01E080
__Bmaintext                   maintext     01E080
__Bpa_nodes                   pa_nodes     01E080
__Bram                        ram          01E080
__Bsfr0                       sfr0         01E080
__Bsfr1                       sfr1         01E080
__Bsfr10                      sfr10        01E080
__Bsfr11                      sfr11        01E080
__Bsfr12                      sfr12        01E080
__Bsfr13                      sfr13        01E080
__Bsfr14                      sfr14        01E080
__Bsfr15                      sfr15        01E080
__Bsfr16                      sfr16        01E080
__Bsfr17                      sfr17        01E080
__Bsfr18                      sfr18        01E080
__Bsfr19                      sfr19        01E080
__Bsfr2                       sfr2         01E080
__Bsfr20                      sfr20        01E080
__Bsfr21                      sfr21        01E080
__Bsfr22                      sfr22        01E080
__Bsfr23                      sfr23        01E080
__Bsfr24                      sfr24        01E080
__Bsfr25                      sfr25        01E080
__Bsfr26                      sfr26        01E080
__Bsfr27                      sfr27        01E080
__Bsfr28                      sfr28        01E080
__Bsfr29                      sfr29        01E080
__Bsfr3                       sfr3         01E080
__Bsfr30                      sfr30        01E080
__Bsfr31                      sfr31        01E080
__Bsfr4                       sfr4         01E080
__Bsfr5                       sfr5         01E080
__Bsfr6                       sfr6         01E080
__Bsfr7                       sfr7         01E080
__Bsfr8                       sfr8         01E080
__Bsfr9                       sfr9         01E080
__Bstrings                    strings      01E080
__Bstringtext                 stringtext   01E080
__Btext                       text         01E080
__CFG_BOREN$ON                (abs)        000000
__CFG_BORV$LO                 (abs)        000000
__CFG_CLKOUTEN$OFF            (abs)        000000
__CFG_CP$OFF                  (abs)        000000
__CFG_CPD$OFF                 (abs)        000000
__CFG_FCMEN$OFF               (abs)        000000
__CFG_FOSC$INTOSC             (abs)        000000
__CFG_IESO$OFF                (abs)        000000
__CFG_LVP$ON                  (abs)        000000
__CFG_MCLRE$ON                (abs)        000000
__CFG_PLLEN$ON                (abs)        000000
__CFG_PWRTE$OFF               (abs)        000000
__CFG_STVREN$ON               (abs)        000000
__CFG_VCAPEN$RA6              (abs)        000000
__CFG_WDTE$NSLEEP             (abs)        000000
__CFG_WRT$OFF                 (abs)        000000
__Habs1                       abs1         000080
__Hbank0                      bank0        000080
__Hbank1                      bank1        000080
__Hbank10                     bank10       000080
__Hbank11                     bank11       000080
__Hbank12                     bank12       000080
__Hbank13                     bank13       000080
__Hbank14                     bank14       000080
__Hbank15                     bank15       000080
__Hbank16                     bank16       000080
__Hbank17                     bank17       000080
__Hbank18                     bank18       000080
__Hbank19                     bank19       000080
__Hbank2                      bank2        000080
__Hbank20                     bank20       000080
__Hbank21                     bank21       000080
__Hbank22                     bank22       000080
__Hbank23                     bank23       000080
__Hbank24                     bank24       000080
__Hbank25                     bank25       000080
__Hbank26                     bank26       000080
__Hbank27                     bank27       000080
__Hbank28                     bank28       000080
__Hbank29                     bank29       000080
__Hbank3                      bank3        000080
__Hbank30                     bank30       000080
__Hbank31                     bank31       000080
__Hbank4                      bank4        000080
__Hbank5                      bank5        000080
__Hbank6                      bank6        000080
__Hbank7                      bank7        000080
__Hbank8                      bank8        000080
__Hbank9                      bank9        000080
__Hbigram                     bigram       000080
__HbssBANK0                   bssBANK0     000080
__HbssBANK1                   bssBANK1     000080
__HbssBANK2                   bssBANK2     000080
__HbssBANK3                   bssBANK3     000080
__HbssBANK4                   bssBANK4     000080
__HbssBANK5                   bssBANK5     000080
__HbssBANK6                   bssBANK6     000080
__HbssBANK7                   bssBANK7     000080
__HbssBANK8                   bssBANK8     000080
__HbssCOMMON                  bssCOMMON    000080
__Hcinit                      cinit        001000
__Hclrtext                    clrtext      000080
__Hcode                       code         000080
__Hcommon                     common       000080
__Hconfig                     config       008009
__HcstackBANK0                cstackBANK0  000080
__HcstackBANK1                cstackBANK1  000080
__HcstackBANK5                cstackBANK5  000080
__HcstackCOMMON               cstackCOMMON 000080
__HdataBANK1                  dataBANK1    000080
__HdataBANK2                  dataBANK2    000080
__HdataBANK3                  dataBANK3    000080
__HdataBANK4                  dataBANK4    000080
__HdataBANK5                  dataBANK5    000080
__Heeprom_data                eeprom_data  000040
__Hend_init                   end_init     00027D
__Hfunctab                    functab      000000
__HidataBANK1                 idataBANK1   000080
__HidataBANK2                 idataBANK2   000080
__HidataBANK3                 idataBANK3   000080
__HidataBANK4                 idataBANK4   000080
__HidataBANK5                 idataBANK5   000080
__Hidloc                      idloc        000000
__Hinit                       init         00027B
__Hinittext                   inittext     000080
__Hintentry                   intentry     00027B
__Hmaintext                   maintext     000080
__Hpa_nodes                   pa_nodes     000080
__Hpowerup                    powerup      000000
__Hram                        ram          000080
__Hreset_vec                  reset_vec    000002
__Hsfr0                       sfr0         000080
__Hsfr1                       sfr1         000080
__Hsfr10                      sfr10        000080
__Hsfr11                      sfr11        000080
__Hsfr12                      sfr12        000080
__Hsfr13                      sfr13        000080
__Hsfr14                      sfr14        000080
__Hsfr15                      sfr15        000080
__Hsfr16                      sfr16        000080
__Hsfr17                      sfr17        000080
__Hsfr18                      sfr18        000080
__Hsfr19                      sfr19        000080
__Hsfr2                       sfr2         000080
__Hsfr20                      sfr20        000080
__Hsfr21                      sfr21        000080
__Hsfr22                      sfr22        000080
__Hsfr23                      sfr23        000080
__Hsfr24                      sfr24        000080
__Hsfr25                      sfr25        000080
__Hsfr26                      sfr26        000080
__Hsfr27                      sfr27        000080
__Hsfr28                      sfr28        000080
__Hsfr29                      sfr29        000080
__Hsfr3                       sfr3         000080
__Hsfr30                      sfr30        000080
__Hsfr31                      sfr31        000080
__Hsfr4                       sfr4         000080
__Hsfr5                       sfr5         000080
__Hsfr6                       sfr6         000080
__Hsfr7                       sfr7         000080
__Hsfr8                       sfr8         000080
__Hsfr9                       sfr9         000080
__Hstack                      stack        000000
__Hstrings                    strings      000080
__Hstringtext                 stringtext   000080
__Htext                       text         000080
__Labs1                       abs1         000080
__Lbank0                      bank0        000080
__Lbank1                      bank1        000080
__Lbank10                     bank10       000080
__Lbank11                     bank11       000080
__Lbank12                     bank12       000080
__Lbank13                     bank13       000080
__Lbank14                     bank14       000080
__Lbank15                     bank15       000080
__Lbank16                     bank16       000080
__Lbank17                     bank17       000080
__Lbank18                     bank18       000080
__Lbank19                     bank19       000080
__Lbank2                      bank2        000080
__Lbank20                     bank20       000080
__Lbank21                     bank21       000080
__Lbank22                     bank22       000080
__Lbank23                     bank23       000080
__Lbank24                     bank24       000080
__Lbank25                     bank25       000080
__Lbank26                     bank26       000080
__Lbank27                     bank27       000080
__Lbank28                     bank28       000080
__Lbank29                     bank29       000080
__Lbank3                      bank3        000080
__Lbank30                     bank30       000080
__Lbank31                     bank31       000080
__Lbank4                      bank4        000080
__Lbank5                      bank5        000080
__Lbank6                      bank6        000080
__Lbank7                      bank7        000080
__Lbank8                      bank8        000080
__Lbank9                      bank9        000080
__Lbigram                     bigram       000080
__LbssBANK0                   bssBANK0     000080
__LbssBANK1                   bssBANK1     000080
__LbssBANK2                   bssBANK2     000080
__LbssBANK3                   bssBANK3     000080
__LbssBANK4                   bssBANK4     000080
__LbssBANK5                   bssBANK5     000080
__LbssBANK6                   bssBANK6     000080
__LbssBANK7                   bssBANK7     000080
__LbssBANK8                   bssBANK8     000080
__LbssCOMMON                  bssCOMMON    000080
__Lcinit                      cinit        000996
__Lclrtext                    clrtext      000080
__Lcode                       code         000080
__Lcommon                     common       000080
__Lconfig                     config       008007
__LcstackBANK0                cstackBANK0  000080
__LcstackBANK1                cstackBANK1  000080
__LcstackBANK5                cstackBANK5  000080
__LcstackCOMMON               cstackCOMMON 000080
__LdataBANK1                  dataBANK1    000080
__LdataBANK2                  dataBANK2    000080
__LdataBANK3                  dataBANK3    000080
__LdataBANK4                  dataBANK4    000080
__LdataBANK5                  dataBANK5    000080
__Leeprom_data                eeprom_data  000000
__Lend_init                   end_init     00027B
__Lfunctab                    functab      000000
__LidataBANK1                 idataBANK1   000080
__LidataBANK2                 idataBANK2   000080
__LidataBANK3                 idataBANK3   000080
__LidataBANK4                 idataBANK4   000080
__LidataBANK5                 idataBANK5   000080
__Lidloc                      idloc        000000
__Linit                       init         00027B
__Linittext                   inittext     000080
__Lintentry                   intentry     000004
__Lmaintext                   maintext     000080
__Lpa_nodes                   pa_nodes     000080
__Lpowerup                    powerup      000000
__Lram                        ram          000080
__Lreset_vec                  reset_vec    000000
__Lsfr0                       sfr0         000080
__Lsfr1                       sfr1         000080
__Lsfr10                      sfr10        000080
__Lsfr11                      sfr11        000080
__Lsfr12                      sfr12        000080
__Lsfr13                      sfr13        000080
__Lsfr14                      sfr14        000080
__Lsfr15                      sfr15        000080
__Lsfr16                      sfr16        000080
__Lsfr17                      sfr17        000080
__Lsfr18                      sfr18        000080
__Lsfr19                      sfr19        000080
__Lsfr2                       sfr2         000080
__Lsfr20                      sfr20        000080
__Lsfr21                      sfr21        000080
__Lsfr22                      sfr22        000080
__Lsfr23                      sfr23        000080
__Lsfr24                      sfr24        000080
__Lsfr25                      sfr25        000080
__Lsfr26                      sfr26        000080
__Lsfr27                      sfr27        000080
__Lsfr28                      sfr28        000080
__Lsfr29                      sfr29        000080
__Lsfr3                       sfr3         000080
__Lsfr30                      sfr30        000080
__Lsfr31                      sfr31        000080
__Lsfr4                       sfr4         000080
__Lsfr5                       sfr5         000080
__Lsfr6                       sfr6         000080
__Lsfr7                       sfr7         000080
__Lsfr8                       sfr8         000080
__Lsfr9                       sfr9         000080
__Lstack                      stack        000000
__Lstrings                    strings      000080
__Lstringtext                 stringtext   000080
__Ltext                       text         000080
__S0                          (abs)        008009
__S1                          (abs)        000470
__S2                          (abs)        000000
__S3                          (abs)        00F040
___awtofl                     text2        002751
___awtofl@c                   cstackBANK0  00002D
___awtofl@sign                cstackBANK0  000031
___fladd                      cinit        000CC6
___fladd@exp1                 cstackBANK0  000055
___fladd@exp2                 cstackBANK0  000054
___fladd@f1                   cstackBANK0  000047
___fladd@f2                   cstackBANK0  00004B
___fladd@sign                 cstackBANK0  000053
___fldiv                      text2        0026E5
___fldiv@cntr                 cstackBANK0  000057
___fldiv@exp                  cstackBANK0  000058
___fldiv@f1                   cstackBANK0  00004B
___fldiv@f2                   cstackBANK0  000047
___fldiv@f3                   cstackBANK0  000053
___fldiv@sign                 cstackBANK0  000059
___flge                       text15       001E58
___flge@ff1                   cstackBANK0  00005A
___flge@ff2                   cstackBANK0  00005E
___flmul                      cinit        000E07
___flmul@cntr                 cstackBANK0  000045
___flmul@exp                  cstackBANK0  000040
___flmul@f1                   cstackBANK0  000034
___flmul@f2                   cstackBANK0  000038
___flmul@f3_as_product        cstackBANK0  000041
___flmul@sign                 cstackBANK0  000046
___flpack                     cinit        000E75
___flpack@arg                 cstackBANK0  000023
___flpack@exp                 cstackBANK0  000027
___flpack@sign                cstackBANK0  000028
___flsub                      text15       001EDF
___flsub@f1                   cstackBANK0  00005A
___flsub@f2                   cstackBANK0  000056
___fltol                      text15       001E98
___fltol@exp1                 cstackBANK0  000063
___fltol@f1                   cstackBANK0  00005A
___fltol@sign1                cstackBANK0  000062
___int_sp                     stack        000000
___latbits                    (abs)        000003
___lbtofl                     text2        002502
___lbtofl@c                   cstackBANK0  000032
___lldiv                      text14       000957
___lldiv@counter              cstackBANK0  00002F
___lldiv@dividend             cstackBANK0  000027
___lldiv@divisor              cstackBANK0  000023
___lldiv@quotient             cstackBANK0  00002B
___lmul                       text2        0027C4
___lmul@multiplicand          cstackBANK0  000027
___lmul@multiplier            cstackBANK0  000023
___lmul@product               cstackBANK0  00002B
___lwdiv                      text11       00371D
___lwdiv@counter              cstackBANK0  00002D
___lwdiv@dividend             cstackBANK0  00002B
___lwdiv@divisor              cstackBANK0  000029
___lwdiv@quotient             cstackBANK0  00002E
___lwtofl                     text15       001B46
___lwtofl@c                   cstackBANK0  000030
___sp                         stack        000000
___wmul                       text13       0008BC
___wmul@multiplicand          cstackBANK0  000025
___wmul@multiplier            cstackBANK0  000023
___wmul@product               cstackBANK0  000027
__end_ofPL10                  text15       001F1F
__end_ofPL100                 text10_split_2 0034BB
__end_ofPL102                 text2        0027BA
__end_ofPL104                 text10_split_2 0034C3
__end_ofPL106                 text10_split_2 0034CB
__end_ofPL108                 text5_split_1 00071D
__end_ofPL110                 text5_split_1 00072E
__end_ofPL112                 text10_split_2 0034DC
__end_ofPL114                 text5_split_1 00073F
__end_ofPL116                 text5_split_1 000750
__end_ofPL118                 text5_split_1 000761
__end_ofPL12                  text5_split_1 0006BB
__end_ofPL120                 text5_split_1 000772
__end_ofPL122                 text5_split_1 000783
__end_ofPL124                 text10_split_2 0034ED
__end_ofPL126                 text10_split_2 0034FE
__end_ofPL128                 text10_split_2 00350E
__end_ofPL130                 text10_split_2 00351E
__end_ofPL132                 text15       001F7B
__end_ofPL134                 text5_split_1 000789
__end_ofPL136                 text5_split_1 00078F
__end_ofPL138                 text15       001F83
__end_ofPL14                  cinit        000F6B
__end_ofPL140                 text5_split_1 000795
__end_ofPL142                 text5_split_1 00079B
__end_ofPL144                 text5_split_1 0007A1
__end_ofPL146                 text5_split_1 0007A7
__end_ofPL148                 text5_split_1 0007AD
__end_ofPL150                 text15       001F8B
__end_ofPL152                 text5_split_1 0007B4
__end_ofPL154                 text5_split_1 0007C1
__end_ofPL156                 text15       001F94
__end_ofPL158                 text10_split_2 003527
__end_ofPL16                  text10_split_2 00339C
__end_ofPL160                 text11       003800
__end_ofPL162                 text15       001F9B
__end_ofPL164                 cinit        000FA1
__end_ofPL166                 text5_split_1 0007CD
__end_ofPL168                 text5_split_1 0007D5
__end_ofPL170                 text15       001FA3
__end_ofPL172                 text10_split_2 003532
__end_ofPL174                 text15       001FAD
__end_ofPL176                 text5_split_1 0007DE
__end_ofPL178                 cinit        000FA7
__end_ofPL18                  text10_split_2 0033AC
__end_ofPL180                 text10_split_2 003539
__end_ofPL182                 text15       001FB6
__end_ofPL184                 text15       001FBF
__end_ofPL186                 text5_split_1 0007E7
__end_ofPL188                 text15       001FC8
__end_ofPL190                 text15       001FCE
__end_ofPL192                 text10_split_2 003542
__end_ofPL194                 text15       001FD7
__end_ofPL196                 text15       001FDD
__end_ofPL198                 text10_split_2 00354B
__end_ofPL2                   cinit        000F57
__end_ofPL20                  text10_split_2 0033B5
__end_ofPL200                 text10_split_2 003554
__end_ofPL202                 text10_split_2 00355D
__end_ofPL204                 cinit        000FAD
__end_ofPL206                 text10_split_2 003565
__end_ofPL208                 text5_split_1 0007EF
__end_ofPL210                 text10_split_2 00356C
__end_ofPL212                 cinit        000FB5
__end_ofPL214                 text15       001FE3
__end_ofPL216                 text5_split_1 0007F5
__end_ofPL218                 text10_split_2 003572
__end_ofPL22                  text11       0037C4
__end_ofPL220                 cinit        000FBB
__end_ofPL222                 text15       001FE9
__end_ofPL224                 text5_split_1 0007FC
__end_ofPL226                 text15       001FF0
__end_ofPL228                 text15       001FF5
__end_ofPL230                 text10_split_2 003579
__end_ofPL232                 text10_split_2 00357F
__end_ofPL234                 text10_split_2 003586
__end_ofPL236                 text15       001FFB
__end_ofPL238                 text10_split_2 00358B
__end_ofPL24                  text2        00279F
__end_ofPL240                 text10_split_2 003591
__end_ofPL242                 cinit        000FBF
__end_ofPL244                 text2        0027C0
__end_ofPL246                 cinit        000FC5
__end_ofPL248                 text10_split_2 003596
__end_ofPL250                 cinit        000FCB
__end_ofPL252                 cinit        001000
__end_ofPL254                 cinit        000FD0
__end_ofPL256                 text10_split_2 00359B
__end_ofPL258                 cinit        000FD5
__end_ofPL26                  text5_split_1 0006C4
__end_ofPL260                 text10_split_2 0035A0
__end_ofPL262                 text2        0027C4
__end_ofPL264                 text10_split_2 0035A5
__end_ofPL266                 text15       002000
__end_ofPL268                 cinit        000FD9
__end_ofPL28                  text5_split_1 0006CD
__end_ofPL30                  text5_split_1 0006D6
__end_ofPL32                  text10_split_2 0033BF
__end_ofPL34                  text11       0037C8
__end_ofPL36                  text11       0037F3
__end_ofPL38                  text15       001F30
__end_ofPL4                   text10_split_2 003393
__end_ofPL40                  text15       001F41
__end_ofPL42                  text2        0027B4
__end_ofPL44                  text15       001F46
__end_ofPL46                  text15       001F55
__end_ofPL48                  text10_split_2 0033C9
__end_ofPL50                  text5_split_1 0006DF
__end_ofPL52                  text10_split_2 0033E8
__end_ofPL54                  text5_split_1 0006EA
__end_ofPL56                  text10_split_2 0033EF
__end_ofPL58                  text10_split_2 003400
__end_ofPL6                   text15       001F0F
__end_ofPL60                  text15       001F66
__end_ofPL62                  text10_split_2 003408
__end_ofPL64                  cinit        000F7B
__end_ofPL66                  cinit        000F8B
__end_ofPL68                  cinit        000F9B
__end_ofPL70                  text10_split_2 003417
__end_ofPL72                  text10_split_2 003430
__end_ofPL74                  text10_split_2 003448
__end_ofPL76                  text10_split_2 003460
__end_ofPL78                  text5_split_1 0006F9
__end_ofPL8                   text11       0037BA
__end_ofPL80                  text15       001F6B
__end_ofPL82                  text10_split_2 003469
__end_ofPL84                  text5_split_1 000702
__end_ofPL86                  text5_split_1 00070C
__end_ofPL88                  text10_split_2 00346E
__end_ofPL90                  text10_split_2 00347D
__end_ofPL92                  text10_split_2 003483
__end_ofPL94                  text10_split_2 003491
__end_ofPL96                  text10_split_2 00349F
__end_ofPL98                  text10_split_2 0034AD
__end_of_CRCHi                stringtext   003901
__end_of_CRCLo                stringtext   003A01
__end_of_Disable_Bost_Pwm     cinit        000BBA
__end_of_Disable_Buck_Pwm     text2        002775
__end_of_Enable_Bost_Pwm      text2        002797
__end_of_Enable_Buck_Pwm      text22       000884
__end_of_Init_Ird             cinit        000C50
__end_of_Key_Menu             cinit        000B67
__end_of_Mppt_Charge          text15       001B46
__end_of_Set_Bost_Pwm_Duty    cinit        000B92
__end_of_Set_Buck_Pwm_Duty    cinit        000BE5
__end_of___awtofl             text2        00276F
__end_of___fladd              cinit        000D8D
__end_of___fldiv              text2        002751
__end_of___flge               text15       001E98
__end_of___flmul              cinit        000E75
__end_of___flpack             cinit        000EC0
__end_of___flsub              text15       001EFC
__end_of___fltol              text15       001EDF
__end_of___lbtofl             text2        002516
__end_of___lldiv              text14       000996
__end_of___lmul               text2        0027E9
__end_of___lwdiv              text11       003742
__end_of___lwtofl             text15       001B5A
__end_of___wmul               text13       0008D1
__end_of__initialization      cinit        000A43
__end_of__stringtab           stringtext   003801
__end_of_application_init     cinit        000C2A
__end_of_auto_system          cinit        000E07
__end_of_crc16                text7        000957
__end_of_delay_ms             cinit        000BB5
__end_of_driver_init          cinit        000C3B
__end_of_eeprom_read          text2        002502
__end_of_eeprom_write         text2        002792
__end_of_handle_ad_loop       text10_split_3 001800
__end_of_handle_task_process  text2        0026DB
__end_of_handle_uart_rx_buf   text5_split_1 0006A4
__end_of_init_adc             cinit        000C6F
__end_of_init_interrupt       cinit        000CC6
__end_of_init_key             cinit        000C75
__end_of_init_osc             cinit        000C7D
__end_of_init_port            cinit        000C91
__end_of_init_pwm             cinit        000F17
__end_of_init_timer1          cinit        000C9E
__end_of_init_uart1           cinit        000CAF
__end_of_isr                  intentry     00027B
__end_of_main                 cinit        000AA4
__end_of_memset               text2        002800
__end_of_middle_init          cinit        000CB2
__end_of_pid_calc             text15       001E58
__end_of_pid_init             text2        0026E5
__end_of_read_param_eeprom    text2        0024EB
__end_of_start_ad_convert     text11       00371D
__end_ofi1_Disable_Bost_Pwm   text50       000889
__end_ofi1_Set_Bost_Pwm_Duty  cinit        000FFC
__initialization              cinit        000996
__pbssBANK0                   bssBANK0     00006A
__pbssBANK1                   bssBANK1     0000A0
__pbssBANK2                   bssBANK2     000120
__pbssBANK3                   bssBANK3     0001A0
__pbssBANK4                   bssBANK4     000220
__pbssBANK5                   bssBANK5     0002A0
__pbssBANK6                   bssBANK6     000320
__pbssBANK7                   bssBANK7     0003A0
__pbssBANK8                   bssBANK8     000420
__pbssBIGRAM                  (abs)        002370
__pbssCOMMON                  bssCOMMON    00007C
__pcstackBANK0                cstackBANK0  000020
__pcstackBANK1                cstackBANK1  0000C0
__pcstackBANK5                cstackBANK5  0002EC
__pcstackCOMMON               cstackCOMMON 000070
__pdataBANK1                  dataBANK1    0000DE
__pdataBANK2                  dataBANK2    000151
__pdataBANK3                  dataBANK3    0001E3
__pdataBANK4                  dataBANK4    000258
__pdataBANK5                  dataBANK5    0002C8
__pidataBANK1                 idataBANK1   0008AD
__pidataBANK2                 idataBANK2   0008E9
__pidataBANK3                 idataBANK3   0008A1
__pidataBANK4                 idataBANK4   0008D1
__pidataBANK5                 idataBANK5   000908
__pintentry                   intentry     000004
__pmaintext                   cinit        000A45
__pstringtext                 stringtext   003800
__ptext1                      cinit        000CAF
__ptext10                     text10       002C6B
__ptext11                     text11       0035A5
__ptext12                     text11       00371D
__ptext13                     text13       0008BC
__ptext14                     text14       000957
__ptext15                     text15       0019D0
__ptext16                     text15       001B5A
__ptext17                     text15       001EDF
__ptext18                     text15       001E58
__ptext19                     text2        002751
__ptext2                      text2        0021D7
__ptext20                     text15       001B46
__ptext21                     text15       001E98
__ptext22                     text22       000880
__ptext23                     cinit        000C2A
__ptext24                     cinit        000C9E
__ptext25                     cinit        000C91
__ptext26                     cinit        000EC0
__ptext27                     cinit        000C7D
__ptext28                     cinit        000C75
__ptext29                     cinit        000C6F
__ptext3                      text2        0027C4
__ptext30                     cinit        000CB2
__ptext31                     cinit        000C50
__ptext32                     cinit        000C3B
__ptext33                     cinit        000BE5
__ptext34                     text2        0026DB
__ptext35                     text2        0027E9
__ptext36                     cinit        000AA4
__ptext37                     text2        002775
__ptext38                     cinit        000B92
__ptext39                     cinit        000BBA
__ptext4                      cinit        000D8D
__ptext40                     cinit        000B67
__ptext41                     text2        002792
__ptext42                     text2        00276F
__ptext43                     cinit        000BB5
__ptext44                     text2        0026E5
__ptext45                     cinit        000CC6
__ptext46                     cinit        000E75
__ptext47                     cinit        000E07
__ptext49                     cinit        000FD9
__ptext5                      text5        002914
__ptext50                     text50       000884
__ptext6                      text2        0024EB
__ptext7                      text7        00092C
__ptext8                      text2        002502
__ptext9                      text2        002516
__size_of_Disable_Bost_Pwm    (abs)        000000
__size_of_Disable_Buck_Pwm    (abs)        000000
__size_of_Enable_Bost_Pwm     (abs)        000000
__size_of_Enable_Buck_Pwm     (abs)        000000
__size_of_Init_Ird            (abs)        000000
__size_of_Key_Menu            (abs)        000000
__size_of_Mppt_Charge         (abs)        000000
__size_of_Set_Bost_Pwm_Duty   (abs)        000000
__size_of_Set_Buck_Pwm_Duty   (abs)        000000
__size_of___awtofl            (abs)        000000
__size_of___fladd             (abs)        000000
__size_of___fldiv             (abs)        000000
__size_of___flge              (abs)        000000
__size_of___flmul             (abs)        000000
__size_of___flpack            (abs)        000000
__size_of___flsub             (abs)        000000
__size_of___fltol             (abs)        000000
__size_of___lbtofl            (abs)        000000
__size_of___lldiv             (abs)        000000
__size_of___lmul              (abs)        000000
__size_of___lwdiv             (abs)        000000
__size_of___lwtofl            (abs)        000000
__size_of___wmul              (abs)        000000
__size_of_application_init    (abs)        000000
__size_of_auto_system         (abs)        000000
__size_of_crc16               (abs)        000000
__size_of_delay_ms            (abs)        000000
__size_of_driver_init         (abs)        000000
__size_of_eeprom_read         (abs)        000000
__size_of_eeprom_write        (abs)        000000
__size_of_handle_ad_loop      (abs)        000000
__size_of_handle_task_process (abs)        000000
__size_of_handle_uart_rx_buf  (abs)        000000
__size_of_init_adc            (abs)        000000
__size_of_init_interrupt      (abs)        000000
__size_of_init_key            (abs)        000000
__size_of_init_osc            (abs)        000000
__size_of_init_port           (abs)        000000
__size_of_init_pwm            (abs)        000000
__size_of_init_timer1         (abs)        000000
__size_of_init_uart1          (abs)        000000
__size_of_isr                 (abs)        000000
__size_of_main                (abs)        000000
__size_of_memset              (abs)        000000
__size_of_middle_init         (abs)        000000
__size_of_pid_calc            (abs)        000000
__size_of_pid_init            (abs)        000000
__size_of_read_param_eeprom   (abs)        000000
__size_of_start_ad_convert    (abs)        000000
__size_ofi1_Disable_Bost_Pwm  (abs)        000000
__size_ofi1_Set_Bost_Pwm_Duty (abs)        000000
__stringtab                   stringtext   003800
_adc_buffer                   (abs)        002370
_an0_time_count               bssBANK3     0001A6
_an10_time_count              bssBANK4     00023C
_an1_time_count               bssBANK3     0001A8
_an2_time_count               bssBANK3     0001AA
_an3_time_count               bssBANK3     0001AC
_an4_time_count               bssBANK3     0001AE
_an9_time_count               bssBANK3     0001B0
_application_init             cinit        000BE5
_auto_system                  cinit        000D8D
_b_v                          bssBANK2     000120
_battery_low_time_count       bssBANK4     00023E
_battery_voltage_status       bssBANK2     00012A
_battery_voltage_value        bssBANK0     00006A
_bost_pwm_value               bssBANK1     0000A4
_bt_00_hv                     bssBANK4     000220
_bt_00_lv                     bssBANK4     000224
_bt_id                        dataBANK1    0000EA
_bt_time_count                bssBANK3     0001BA
_bt_volt_00                   dataBANK4    000258
_bt_volt_20                   dataBANK4    00025C
_bt_volt_40                   dataBANK4    000260
_bt_volt_60                   dataBANK4    000264
_bt_volt_80                   dataBANK4    000268
_buck_pwm_value               bssBANK1     0000A6
_charge_I                     bssBANK4     000228
_charge_current_value         bssBANK2     000124
_charge_i_limit               dataBANK5    0002CC
_charge_index                 bssBANK1     0000B3
_crc16                        text7        00092C
_crc_data                     bssBANK1     0000A8
_cv_level_time_count          bssBANK4     000240
_day_time_count               bssBANK5     0002A4
_delay_ms                     cinit        000B92
_device_status                bssBANK1     0000B4
_dianchi_cv_level             dataBANK3    0001E3
_dianchi_guoya_baohu          dataBANK2    000151
_dianchi_guoya_huifu          dataBANK3    0001E7
_dianchi_qianya_baohu         dataBANK5    0002D0
_dianchi_qianya_huifu         dataBANK5    0002D4
_discharge_current_value      bssBANK1     0000AA
_discharge_i_baohu            dataBANK5    0002D8
_discharge_i_limit            dataBANK5    0002DC
_discharge_index              bssBANK1     0000B5
_driver_init                  cinit        000C2A
_eeprom_read                  text2        0024EB
_eeprom_write                 text2        002775
_handle_ad_loop               text10       002C6B
_handle_an0_process_flag      bssBANK2     00012B
_handle_an10_process_flag     bssBANK2     00012C
_handle_an1_process_flag      bssBANK2     00012D
_handle_an2_process_flag      bssBANK2     00012E
_handle_an3_process_flag      bssBANK2     00012F
_handle_an4_process_flag      bssBANK2     000130
_handle_an9_process_flag      bssBANK2     000131
_handle_scan_key_flag         bssBANK2     000132
_handle_short_flag            bssBANK2     000133
_handle_task_process          text2        002516
_handle_uart_rx_buf           text5        002914
_have_person1_flag            bssBANK1     0000B6
_have_person1_time_count      bssBANK2     000134
_ho_cnt                       bssCOMMON    00007C
_index_01_count               bssBANK4     000242
_index_02_count               bssBANK4     000244
_index_03_count               bssBANK4     000246
_index_04_count               bssBANK4     000248
_index_05_count               bssBANK4     00024A
_index_06_count               bssBANK4     00024C
_init_adc                     cinit        000C50
_init_interrupt               cinit        000CB2
_init_key                     cinit        000C6F
_init_osc                     cinit        000C75
_init_port                    cinit        000C7D
_init_pwm                     cinit        000EC0
_init_timer1                  cinit        000C91
_init_uart1                   cinit        000C9E
_involid_time_count           bssBANK4     00024E
_ird_data                     dataBANK4    00026C
_ird_receive_flag             bssBANK2     000135
_ird_receive_time_count       bssBANK2     000136
_ird_status                   bssBANK2     000137
_isr                          intentry     000004
_led_out_ctrl                 bssBANK1     0000B7
_light_mode                   bssBANK1     0000B8
_light_off_pv_level           dataBANK5    0002E0
_light_on_pv_level            dataBANK5    0002E4
_light_pv                     dataBANK1    0000DE
_light_time                   bssBANK1     0000BE
_light_time_level             bssBANK3     0001A0
_limit_power_pid_flag         bssBANK3     0001BB
_load_I                       bssBANK4     00022C
_load_cc_I                    dataBANK1    0000E2
_load_open_time_count         bssBANK4     000250
_load_short_time_count        bssBANK3     0001B2
_load_v                       bssBANK4     000230
_load_voltage_value           bssBANK1     0000AC
_main                         cinit        000A45
_mcu_t00_time_count           bssBANK3     0001BC
_mcu_t01_time_count           bssBANK3     0001BD
_mcu_t02_time_count           bssBANK3     0001BE
_mcu_t03_time_count           bssBANK3     0001BF
_mcu_temp_index               bssBANK1     0000B9
_mcu_value                    bssBANK1     0000AE
_memset                       text2        0027E9
_mi_cnt                       bssBANK2     000126
_middle_init                  cinit        000CAF
_mppt_status                  bssBANK3     0001C0
_mppt_time_count              bssBANK4     000252
_ms_cnt                       bssBANK3     0001B4
_night_time_count             bssBANK4     000234
_nop_index                    bssBANK3     0001C1
_open_an0_time                bssBANK2     000138
_open_an10_time               bssBANK2     000139
_open_an1_time                bssBANK2     00013A
_open_an2_time                bssBANK2     00013B
_open_an3_time                bssBANK2     00013C
_open_an4_time                bssBANK2     00013D
_open_an9_time                bssBANK2     00013E
_open_discharge_time          bssBANK2     00013F
_open_sleep_time              bssBANK2     000140
_over_load_time_count         bssBANK4     000254
_over_temper_time_count       bssBANK3     0001C2
_p_v                          bssBANK4     000238
_pid_calc                     text15       001B5A
_pid_calc$2854                cstackBANK1  0000C8
_pid_calc$2855                cstackBANK1  0000CC
_pid_index                    bssBANK2     000141
_pid_init                     text2        0026DB
_pv_index                     bssBANK2     000142
_pv_time_count                bssBANK5     0002A8
_pv_voltage_status            bssBANK2     000143
_pv_voltage_value             bssBANK1     0000B0
_read_param_eeprom            text2        0021D7
_receive_bit_count            bssBANK2     000144
_run_index                    bssBANK3     0001C3
_rx_frame_kind                bssBANK2     000145
_scan_key_time_count          bssBANK2     000146
_se_cnt                       bssBANK3     0001B6
_shuchu_open_voltage          dataBANK5    0002E8
_shuchu_shortout_voltage      dataBANK3    0001EB
_sleep_time_count             bssBANK4     000256
_start_ad_convert             text11       0035A5
_step_01_load_percent         dataBANK2    000155
_step_01_time_limit           dataBANK1    0000E6
_step_02_load_percent         dataBANK2    000159
_step_02_time_limit           dataBANK1    0000E8
_step_03_load_percent         dataBANK2    00015D
_step_03_time_limit           dataBANK2    000169
_step_04_load_percent         dataBANK2    000161
_step_04_time_limit           dataBANK2    00016B
_step_05_load_percent         dataBANK2    000165
_step_05_time_limit           dataBANK2    00016D
_sys_mode                     bssBANK3     0001C4
[...]
 Defined at:
		line 63 in file "D:\Program Files (x86)\Microchip\xc8\v1.30\sources\common\double.c"
 Parameters:    Size  Location     Type
  arg             4    3[BANK0 ] unsigned long 
  exp             1    7[BANK0 ] unsigned char 
  sign            1    8[BANK0 ] unsigned char 
 Auto vars:     Size  Location     Type
		None
 Return value:  Size  Location     Type
                  4    3[BANK0 ] unsigned char 
 Registers used:
		wreg, status,2, status,0
 Tracked objects:
		On entry : 
		On exit  : 
		Unchanged: 
 Data sizes:     COMMON   BANK0   BANK1   BANK2   BANK3   BANK4   BANK5   BANK6   BANK7   BANK8   BANK9  BANK10  BANK11  BANK12
      Params:         0       6       0       0       0       0       0       0       0       0       0       0       0       0
      Locals:         0       0       0       0       0       0       0       0       0       0       0       0       0       0
      Temps:          0       4       0       0       0       0       0       0       0       0       0       0       0       0
      Totals:         0      10       0       0       0       0       0       0       0       0       0       0       0       0
Total ram usage:       10 bytes
 Hardware stack levels used:    1
 Hardware stack levels required when called:    2
 This function calls:
		Nothing
 This function is called by:
		___awtofl
		___fladd
		___fldiv
		___flmul
		___lbtofl
		___lwtofl
 This function uses a non-reentrant model


 *************** function ___flmul *****************
 Defined at:
		line 50 in file "D:\Program Files (x86)\Microchip\xc8\v1.30\sources\common\flmul.c"
 Parameters:    Size  Location     Type
  f1              4   20[BANK0 ] unsigned char 
  f2              4   24[BANK0 ] unsigned char 
 Auto vars:     Size  Location     Type
  f3_as_produc    4   33[BANK0 ] unsigned long 
  sign            1   38[BANK0 ] unsigned char 
  cntr            1   37[BANK0 ] unsigned char 
  exp             1   32[BANK0 ] unsigned char 
 Return value:  Size  Location     Type
                  4   20[BANK0 ] unsigned char 
 Registers used:
		wreg, status,2, status,0, pclath, cstack
 Tracked objects:
		On entry : 
		On exit  : 
		Unchanged: 
 Data sizes:     COMMON   BANK0   BANK1   BANK2   BANK3   BANK4   BANK5   BANK6   BANK7   BANK8   BANK9  BANK10  BANK11  BANK12
      Params:         0       8       0       0       0       0       0       0       0       0       0       0       0       0
      Locals:         0       7       0       0       0       0       0       0       0       0       0       0       0       0
      Temps:          0       4       0       0       0       0       0       0       0       0       0       0       0       0
      Totals:         0      19       0       0       0       0       0       0       0       0       0       0       0       0
Total ram usage:       19 bytes
 Hardware stack levels used:    1
 Hardware stack levels required when called:    3
 This function calls:
		___flpack
 This function is called by:
		_read_param_eeprom
		_auto_system
		_application_init
		_pid_calc
		_handle_ad_loop
		_handle_task_process
		_handle_uart_rx_buf
 This function uses a non-reentrant model


 *************** function _isr *****************
 Defined at:
		line 62 in file "D:\MCUProject\ZH-SL-F60\src\interrupt.c"
 Parameters:    Size  Location     Type
		None
 Auto vars:     Size  Location     Type
  time_cnt        2    1[BANK0 ] unsigned int 
  r1_data         1    0[BANK0 ] unsigned char 
  r2_data         1    0        unsigned char 
 Return value:  Size  Location     Type
		None               void
 Registers used:
		wreg, fsr1l, fsr1h, status,2, status,0, pclath, cstack
 Tracked objects:
		On entry : 
		On exit  : 
		Unchanged: 
 Data sizes:     COMMON   BANK0   BANK1   BANK2   BANK3   BANK4   BANK5   BANK6   BANK7   BANK8   BANK9  BANK10  BANK11  BANK12
      Params:         0       0       0       0       0       0       0       0       0       0       0       0       0       0
      Locals:         0       3       0       0       0       0       0       0       0       0       0       0       0       0
      Temps:          8       0       0       0       0       0       0       0       0       0       0       0       0       0
      Totals:         8       3       0       0       0       0       0       0       0       0       0       0       0       0
Total ram usage:       11 bytes
 Hardware stack levels used:    1
 Hardware stack levels required when called:    1
 This function calls:
		i1_Disable_Bost_Pwm
		i1_Set_Bost_Pwm_Duty
 This function is called by:
		Interrupt level 1
 This function uses a non-reentrant model


 *************** function i1_Set_Bost_Pwm_Duty *****************
 Defined at:
		line 218 in file "D:\MCUProject\ZH-SL-F60\src\pwm.c"
 Parameters:    Size  Location     Type
  dduty           2    0[COMMON] unsigned int 
 Auto vars:     Size  Location     Type
  Set_Bost_Pwm    2    0        unsigned int 
 Return value:  Size  Location     Type
		None               void
 Registers used:
		wreg, status,2, status,0
 Tracked objects:
		On entry : 
		On exit  : 
		Unchanged: 
 Data sizes:     COMMON   BANK0   BANK1   BANK2   BANK3   BANK4   BANK5   BANK6   BANK7   BANK8   BANK9  BANK10  BANK11  BANK12
      Params:         2       0       0       0       0       0       0       0       0       0       0       0       0       0
      Locals:         0       0       0       0       0       0       0       0       0       0       0       0       0       0
      Temps:          2       0       0       0       0       0       0       0       0       0       0       0       0       0
      Totals:         4       0       0       0       0       0       0       0       0       0       0       0       0       0
Total ram usage:        4 bytes
 Hardware stack levels used:    1
 This function calls:
		Nothing
 This function is called by:
		_isr
 This function uses a non-reentrant model


 *************** function i1_Disable_Bost_Pwm *****************
 Defined at:
		line 203 in file "D:\MCUProject\ZH-SL-F60\src\pwm.c"
 Parameters:    Size  Location     Type
		None
 Auto vars:     Size  Location     Type
		None
 Return value:  Size  Location     Type
		None               void
 Registers used:
		None
 Tracked objects:
		On entry : 
		On exit  : 
		Unchanged: 
 Data sizes:     COMMON   BANK0   BANK1   BANK2   BANK3   BANK4   BANK5   BANK6   BANK7   BANK8   BANK9  BANK10  BANK11  BANK12
      Params:         0       0       0       0       0       0       0       0       0       0       0       0       0       0
      Locals:         0       0       0       0       0       0       0       0       0       0       0       0       0       0
      Temps:          0       0       0       0       0       0       0       0       0       0       0       0       0       0
      Totals:         0       0       0       0       0       0       0       0       0       0       0       0       0       0
Total ram usage:        0 bytes
 Hardware stack levels used:    1
 This function calls:
		Nothing
 This function is called by:
		_isr
 This function uses a non-reentrant model



MODULE INFORMATION

Module		Function		Class		Link	Load	Size
D:\Program Files (x86)\Microchip\xc8\v1.30\sources\common\lwdiv.c
		___lwdiv       		CODE           	371D	0000	37

D:\Program Files (x86)\Microchip\xc8\v1.30\sources\common\lwdiv.c estimated size: 37

D:\Program Files (x86)\Microchip\xc8\v1.30\sources\common\memset.c
		_memset        		CODE           	27E9	0000	23

D:\Program Files (x86)\Microchip\xc8\v1.30\sources\common\memset.c estimated size: 23

D:\MCUProject\ZH-SL-F60\src\Modbus.c
		_crc16         		CODE           	092C	0000	43

D:\MCUProject\ZH-SL-F60\src\Modbus.c estimated size: 43

D:\MCUProject\ZH-SL-F60\src\uart.c
		_init_uart1    		CODE           	0C9E	0000	17
		_handle_uart_rx		CODE           	2914	0000	4294958480

D:\MCUProject\ZH-SL-F60\src\uart.c estimated size: 4294958497

D:\MCUProject\ZH-SL-F60\src\pwm.c
		_Enable_Buck_Pw		CODE           	0880	0000	4
		_Enable_Bost_Pw		CODE           	2792	0000	5
		_Set_Bost_Pwm_D		CODE           	0B67	0000	43
		_Set_Buck_Pwm_D		CODE           	0BBA	0000	43
		_init_pwm      		CODE           	0EC0	0000	87
		_Disable_Buck_P		CODE           	276F	0000	6
		_Disable_Bost_P		CODE           	0BB5	0000	5

D:\MCUProject\ZH-SL-F60\src\pwm.c estimated size: 193

D:\Program Files (x86)\Microchip\xc8\v1.30\sources\common\awtofl.c
		___awtofl      		CODE           	2751	0000	30

D:\Program Files (x86)\Microchip\xc8\v1.30\sources\common\awtofl.c estimated size: 30

D:\Program Files (x86)\Microchip\xc8\v1.30\sources\common\lbtofl.c
		___lbtofl      		CODE           	2502	0000	20

D:\Program Files (x86)\Microchip\xc8\v1.30\sources\common\lbtofl.c estimated size: 20

D:\Program Files (x86)\Microchip\xc8\v1.30\sources\common\flge.c
		___flge        		CODE           	1E58	0000	64

D:\Program Files (x86)\Microchip\xc8\v1.30\sources\common\flge.c estimated size: 64

D:\MCUProject\ZH-SL-F60\src\task.c
		_Mppt_Charge   		CODE           	19D0	0000	374
		_start_ad_conve		CODE           	35A5	0000	376
		_handle_ad_loop		CODE           	2C6B	0000	4294962069
		_handle_task_pr		CODE           	2516	0000	453

D:\MCUProject\ZH-SL-F60\src\task.c estimated size: 4294963272

D:\Program Files (x86)\Microchip\xc8\v1.30\sources\common\wmul.c
		___wmul        		CODE           	08BC	0000	21

D:\Program Files (x86)\Microchip\xc8\v1.30\sources\common\wmul.c estimated size: 21

D:\MCUProject\ZH-SL-F60\src\timer.c
		_init_timer1   		CODE           	0C91	0000	13

D:\MCUProject\ZH-SL-F60\src\timer.c estimated size: 13

shared
		PL12           		CODE           	06A4	0000	23
		PL50           		CODE           	06D6	0000	9
		PL8            		CODE           	3742	0000	120
		PL268          		CODE           	0FD5	0000	4
		PL22           		CODE           	37BA	0000	10
		PL60           		CODE           	1F55	0000	17
		PL178          		CODE           	0FA1	0000	6
		PL100          		CODE           	34AD	0000	14
		PL32           		CODE           	33B5	0000	10
		PL70           		CODE           	3408	0000	15
		_CRCLo         		STRCODE        	3901	0000	256
		PL200          		CODE           	354B	0000	9
		PL42           		CODE           	279F	0000	21
		PL80           		CODE           	1F66	0000	5
		PL188          		CODE           	1FBF	0000	9
		PL110          		CODE           	071D	0000	17
		PL14           		CODE           	0F57	0000	20
		PL52           		CODE           	33C9	0000	31
		PL90           		CODE           	346E	0000	15
		PL210          		CODE           	3565	0000	7
		PL24           		CODE           	2797	0000	8
		PL62           		CODE           	3400	0000	8
		PL198          		CODE           	3542	0000	9
		__stringtab    		STRCODE        	3800	0000	1
		PL120          		CODE           	0761	0000	17
		PL34           		CODE           	37C4	0000	4
		PL72           		CODE           	3417	0000	25
		PL220          		CODE           	0FB5	0000	6
		PL44           		CODE           	1F41	0000	5
		PL82           		CODE           	3460	0000	9
		PL130          		CODE           	350E	0000	16
		PL16           		CODE           	3393	0000	9
		PL54           		CODE           	06DF	0000	11
		PL92           		CODE           	347D	0000	6
		PL230          		CODE           	3572	0000	7
		PL26           		CODE           	06BB	0000	9
		PL64           		CODE           	0F6B	0000	16
		PL102          		CODE           	27B4	0000	6
		PL140          		CODE           	078F	0000	6
		PL36           		CODE           	37C8	0000	43
		PL74           		CODE           	3430	0000	24
		PL202          		CODE           	3554	0000	9
		PL240          		CODE           	358B	0000	6
		PL46           		CODE           	1F46	0000	15
		PL84           		CODE           	06F9	0000	9
		PL112          		CODE           	34CB	0000	17
		PL150          		CODE           	1F83	0000	8
		PL18           		CODE           	339C	0000	16
		PL56           		CODE           	33E8	0000	7
		PL94           		CODE           	3483	0000	14
		PL212          		CODE           	0FAD	0000	8
		PL250          		CODE           	0FC5	0000	6
		PL28           		CODE           	06C4	0000	9
		PL66           		CODE           	0F7B	0000	16
		PL122          		CODE           	0772	0000	17
		PL160          		CODE           	37F3	0000	13
		PL38           		CODE           	1F1F	0000	17
		PL76           		CODE           	3448	0000	24
		PL222          		CODE           	1FE3	0000	6
		PL260          		CODE           	359B	0000	5
		PL48           		CODE           	33BF	0000	10
		PL86           		CODE           	0702	0000	10
		PL132          		CODE           	1F6B	0000	16
		PL170          		CODE           	1F9B	0000	8
		PL58           		CODE           	33EF	0000	17
		PL96           		CODE           	3491	0000	14
		PL232          		CODE           	3579	0000	6
		PL68           		CODE           	0F8B	0000	16
		PL104          		CODE           	34BB	0000	8
		PL142          		CODE           	0795	0000	6
		PL180          		CODE           	3532	0000	7
		PL78           		CODE           	06EA	0000	15
		PL204          		CODE           	0FA7	0000	6
		PL242          		CODE           	0FBB	0000	4
		PL88           		CODE           	3469	0000	5
		PL114          		CODE           	072E	0000	17
		PL152          		CODE           	07AD	0000	7
		PL190          		CODE           	1FC8	0000	6
		PL98           		CODE           	349F	0000	14
		PL214          		CODE           	1FDD	0000	6
		PL252          		CODE           	0FFC	0000	4
		PL124          		CODE           	34DC	0000	17
		PL162          		CODE           	1F94	0000	7
		__initializatio		CODE           	0996	0000	173
		PL224          		CODE           	07F5	0000	7
		PL262          		CODE           	27C0	0000	4
		PL134          		CODE           	0783	0000	6
		PL172          		CODE           	3527	0000	11
		PL234          		CODE           	357F	0000	7
		PL106          		CODE           	34C3	0000	8
		PL144          		CODE           	079B	0000	6
		PL182          		CODE           	1FAD	0000	9
		PL206          		CODE           	355D	0000	8
		PL244          		CODE           	27BA	0000	6
		PL116          		CODE           	073F	0000	17
		PL154          		CODE           	07B4	0000	13
		PL192          		CODE           	3539	0000	9
		PL216          		CODE           	07EF	0000	6
		PL254          		CODE           	0FCB	0000	5
		PL126          		CODE           	34ED	0000	17
		PL164          		CODE           	0F9B	0000	6
		PL226          		CODE           	1FE9	0000	7
		PL264          		CODE           	35A0	0000	5
		_CRCHi         		STRCODE        	3801	0000	256
		PL136          		CODE           	0789	0000	6
		PL174          		CODE           	1FA3	0000	10
		PL236          		CODE           	1FF5	0000	6
		PL108          		CODE           	070C	0000	17
		PL146          		CODE           	07A1	0000	6
		PL184          		CODE           	1FB6	0000	9
		PL208          		CODE           	07E7	0000	8
		PL246          		CODE           	0FBF	0000	6
		PL118          		CODE           	0750	0000	17
		PL156          		CODE           	1F8B	0000	9
		PL194          		CODE           	1FCE	0000	9
		PL218          		CODE           	356C	0000	6
		PL256          		CODE           	3596	0000	5
		i1_Disable_Bost		CODE           	0884	0000	5
		PL128          		CODE           	34FE	0000	16
		PL166          		CODE           	07C1	0000	12
		i1_Set_Bost_Pwm		CODE           	0FD9	0000	35
		PL228          		CODE           	1FF0	0000	5
		PL266          		CODE           	1FFB	0000	5
		PL138          		CODE           	1F7B	0000	8
		PL176          		CODE           	07D5	0000	9
		PL2            		CODE           	0F17	0000	64
		PL238          		CODE           	3586	0000	5
		PL148          		CODE           	07A7	0000	6
		PL186          		CODE           	07DE	0000	9
		PL10           		CODE           	1F0F	0000	16
		PL4            		CODE           	3377	0000	28
		PL248          		CODE           	3591	0000	5
		PL20           		CODE           	33AC	0000	9
		PL158          		CODE           	351E	0000	9
		PL196          		CODE           	1FD7	0000	6
		PL30           		CODE           	06CD	0000	9
		PL6            		CODE           	1EFC	0000	19
		PL258          		CODE           	0FD0	0000	5
		PL40           		CODE           	1F30	0000	17
		PL168          		CODE           	07CD	0000	8

shared estimated size: 2321

D:\MCUProject\ZH-SL-F60\src\ird_remote.c
		_Key_Menu      		CODE           	0AA4	0000	195
		_read_param_eep		CODE           	21D7	0000	788
		_auto_system   		CODE           	0D8D	0000	122
		_Init_Ird      		CODE           	0C3B	0000	21

D:\MCUProject\ZH-SL-F60\src\ird_remote.c estimated size: 1126

D:\Program Files (x86)\Microchip\xc8\v1.30\sources\common\lwtofl.c
		___lwtofl      		CODE           	1B46	0000	20

D:\Program Files (x86)\Microchip\xc8\v1.30\sources\common\lwtofl.c estimated size: 20

D:\MCUProject\ZH-SL-F60\src\adc.c
		_init_adc      		CODE           	0C50	0000	31

D:\MCUProject\ZH-SL-F60\src\adc.c estimated size: 31

D:\MCUProject\ZH-SL-F60\src\key.c
		_init_key      		CODE           	0C6F	0000	6

D:\MCUProject\ZH-SL-F60\src\key.c estimated size: 6

D:\Program Files (x86)\Microchip\xc8\v1.30\sources\common\flsub.c
		___flsub       		CODE           	1EDF	0000	29

D:\Program Files (x86)\Microchip\xc8\v1.30\sources\common\flsub.c estimated size: 29

D:\MCUProject\ZH-SL-F60\src\interrupt.c
		_init_interrupt		CODE           	0CB2	0000	20
		_isr           		CODE           	0004	0000	631

D:\MCUProject\ZH-SL-F60\src\interrupt.c estimated size: 651

D:\Program Files (x86)\Microchip\xc8\v1.30\sources\common\lldiv.c
		___lldiv       		CODE           	0957	0000	63

D:\Program Files (x86)\Microchip\xc8\v1.30\sources\common\lldiv.c estimated size: 63

D:\Program Files (x86)\Microchip\xc8\v1.30\sources\pic\eewrite.c
		_eeprom_write  		CODE           	2775	0000	29

D:\Program Files (x86)\Microchip\xc8\v1.30\sources\pic\eewrite.c estimated size: 29

D:\MCUProject\ZH-SL-F60\src\main.c
		_middle_init   		CODE           	0CAF	0000	3
		_driver_init   		CODE           	0C2A	0000	17
		_init_port     		CODE           	0C7D	0000	20
		_main          		CODE           	0A45	0000	95
		_application_in		CODE           	0BE5	0000	69
		_init_osc      		CODE           	0C75	0000	8

D:\MCUProject\ZH-SL-F60\src\main.c estimated size: 212

D:\Program Files (x86)\Microchip\xc8\v1.30\sources\common\flmul.c
		___flmul       		CODE           	0E07	0000	110

D:\Program Files (x86)\Microchip\xc8\v1.30\sources\common\flmul.c estimated size: 110

D:\Program Files (x86)\Microchip\xc8\v1.30\sources\common\fltol.c
		___fltol       		CODE           	1E98	0000	71

D:\Program Files (x86)\Microchip\xc8\v1.30\sources\common\fltol.c estimated size: 71

D:\Program Files (x86)\Microchip\xc8\v1.30\sources\pic\fldiv.c
		___fldiv       		CODE           	26E5	0000	108

D:\Program Files (x86)\Microchip\xc8\v1.30\sources\pic\fldiv.c estimated size: 108

D:\Program Files (x86)\Microchip\xc8\v1.30\sources\common\lmul.c
		___lmul        		CODE           	27C4	0000	37

D:\Program Files (x86)\Microchip\xc8\v1.30\sources\common\lmul.c estimated size: 37

D:\Program Files (x86)\Microchip\xc8\v1.30\sources\common\double.c
		___flpack      		CODE           	0E75	0000	75

D:\Program Files (x86)\Microchip\xc8\v1.30\sources\common\double.c estimated size: 75

D:\MCUProject\ZH-SL-F60\src\PID.c
		_pid_init      		CODE           	26DB	0000	10
		_pid_calc      		CODE           	1B5A	0000	766

D:\MCUProject\ZH-SL-F60\src\PID.c estimated size: 776

D:\MCUProject\ZH-SL-F60\src\delay.c
		_delay_ms      		CODE           	0B92	0000	35

D:\MCUProject\ZH-SL-F60\src\delay.c estimated size: 35

D:\Program Files (x86)\Microchip\xc8\v1.30\sources\pic\eeread.c
		_eeprom_read   		CODE           	24EB	0000	23

D:\Program Files (x86)\Microchip\xc8\v1.30\sources\pic\eeread.c estimated size: 23

D:\Program Files (x86)\Microchip\xc8\v1.30\sources\common\fladd.c
		___fladd       		CODE           	0CC6	0000	199

D:\Program Files (x86)\Microchip\xc8\v1.30\sources\common\fladd.c estimated size: 199

